
===== LOG #1 [2026-10-05 16:37:59] [ERROR] =====
STT Pro — Linux network monitor v1.3.0 | lang=en
Operating system: Linux, kernel 4.19.91-c8dfc93.al7.x86_64
Hostname: c-6ac3c35b-01ed1602-b82d7433de3b

### NETWORK INTERFACES
[eth0] State: UP | MAC address: 26:65:e1:44:1d:61
    IP addresses: —
[lo] State: DOWN | MAC address: 00:00:00:00:00:00
    IP addresses: —

### DNS CONFIGURATION
nameserver 100.100.2.136
nameserver 100.100.2.138

### IP ROUTING TABLE
(no routes output)
Default gateway: ?

### ARP NEIGHBORS
(ARP table empty / unavailable)

### ACTIVE TCP/UDP CONNECTIONS

### REACHABILITY CHECK
ping 8.8.8.8: FAIL (unreachable / blocked) (received=0/3, avg RTT=? ms)

===== LOG #2 [2026-10-05 16:37:59] [ERROR] =====
STT Pro — Linux network monitor v1.3.0 | lang=en
Operating system: Linux, kernel 4.19.91-c8dfc93.al7.x86_64
Hostname: c-6ac3c35b-01ed1602-b82d7433de3b

### NETWORK INTERFACES
[eth0] State: UP | MAC address: 26:65:e1:44:1d:61
    IP addresses: —
[lo] State: DOWN | MAC address: 00:00:00:00:00:00
    IP addresses: —

### DNS CONFIGURATION
nameserver 100.100.2.136
nameserver 100.100.2.138

### IP ROUTING TABLE
(no routes output)
Default gateway: ?

### ARP NEIGHBORS
(ARP table empty / unavailable)

### ACTIVE TCP/UDP CONNECTIONS

### REACHABILITY CHECK
ping 8.8.8.8: FAIL (unreachable / blocked) (received=0/3, avg RTT=? ms)

===== LOG #3 [2026-10-05 16:37:59] [ERROR] =====
STT Pro — Linux network monitor v1.3.0 | lang=en
Operating system: Linux, kernel 4.19.91-c8dfc93.al7.x86_64
Hostname: c-6ac3c35b-01ed1602-b82d7433de3b

### NETWORK INTERFACES
[eth0] State: UP | MAC address: 26:65:e1:44:1d:61
    IP addresses: —
[lo] State: DOWN | MAC address: 00:00:00:00:00:00
    IP addresses: —

### DNS CONFIGURATION
nameserver 100.100.2.136
nameserver 100.100.2.138

### IP ROUTING TABLE
(no routes output)
Default gateway: ?

### ARP NEIGHBORS
(ARP table empty / unavailable)

### ACTIVE TCP/UDP CONNECTIONS

### REACHABILITY CHECK
ping 8.8.8.8: FAIL (unreachable / blocked) (received=0/3, avg RTT=? ms)
